[mankirat1116be21.wixsite.com/mankirat-s-portfolio.html]
[static.parastorage.com/unpkg/core-js-bundle@3.2.1/minified.js]
[static.parastorage.com/unpkg/focus-within-polyfill@5.0.9/dist/focus-within-polyfill.js]
[backblue.gif]
[fade.gif]
[index.html]
[polyfill.io/v3/polyfill.mind82c.js]
[browser.sentry-cdn.com/6.18.2/bundle.min.js]
[mankirat1116be21.wixsite.com/decodeURIComponent(e]
[mankirat1116be21.wixsite.com/sitemap.xml]
[mankirat1116be21.wixsite.com/feed.xml]
[static.parastorage.com/services/wix-thunderbolt/dist/bootstrap-features.e8c24315.bundle.min.js]
[static.parastorage.com/services/wix-thunderbolt/dist/main.ac0ff030.bundle.min.js]
[static.parastorage.com/unpkg/lodash@4.17.21/lodash.min.js]
[static.parastorage.com/unpkg/react@16.14.0/umd/react.production.min.js]
[static.parastorage.com/services/tag-manager-client/1.427.0/siteTags.bundle.min.js]
[static.parastorage.com/services/wix-perf-measure/1.1041.0/wix-perf-measure.bundle.min.js]
[static.parastorage.com/unpkg/react-dom@16.14.0/umd/react-dom.production.min.js]
[static.parastorage.com/services/editor-elements/dist/media/sloppyframe.d6793e19.png]
[mankirat1116be21.wixsite.com/index.html]
[mankirat1116be21.wixsite.com/da6c52cb.min.10.delayed]
[mankirat1116be21.wixsite.com/fc40122e.min.css]
[mankirat1116be21.wixsite.com/version/index.html]
[mankirat1116be21.wixsite.com/4da3e2b2.min.css]
[mankirat1116be21.wixsite.com/f52e40aa.min.css]
[mankirat1116be21.wixsite.com/99a6a99f.min.css]
[mankirat1116be21.wixsite.com/13b64bce.chunk.min.js]
[mankirat1116be21.wixsite.com/f7c2caf0.chunk.min.js]
[mankirat1116be21.wixsite.com/rb_wixui.thunderbolt_bootstrap-classic.aca25011.chunk.min.js]
[mankirat1116be21.wixsite.com/rb_wixui.thunderbolt_bootstrap-responsive.f3ca696f.chunk.min.css]
[mankirat1116be21.wixsite.com/rb_wixui.thunderbolt_bootstrap-responsive.f7c2caf0.chunk.min.js]
[mankirat1116be21.wixsite.com/rb_wixui.thunderbolt_bootstrap.30ba8a50.chunk.min.css]
[mankirat1116be21.wixsite.com/rb_wixui.thunderbolt_bootstrap.13b64bce.chunk.min.js]
[static.wixstatic.com/media/11062b_769c003d22764b4c88284a7fde3f3336_mv2.jpg/v1/fill/w_123,h_63,al_c,q_80,usm_0.66_1.00_0.01,blur_2,enc_auto/11062b_769c003d22764b4c88284a7fde3f3336_mv2.jpg]
[static.wixstatic.com/media/11062b_457c1477d178470e9dfa06a0fc54c0e1_mv2.jpg/v1/fill/w_104,h_69,al_c,q_80,usm_0.66_1.00_0.01,blur_2,enc_auto/Office Workspace.jpg]
[static.wixstatic.com/media/11062b_6a9b7822d1264ab48af154c2fee1db91_mv2.jpg/v1/fill/w_87,h_58,al_c,q_80,usm_0.66_1.00_0.01,blur_2,enc_auto/Typing on a laptop.jpg]
[static.wixstatic.com/media/11062b_14ba1d8da9c0437eadbf3680c3309937_mv2.jpg/v1/fill/w_88,h_59,al_c,q_80,usm_0.66_1.00_0.01,blur_2,enc_auto/Information Technology.jpg]
[static.wixstatic.com/media/861126684b6849dcbb78014503487633.jpg/v1/fill/w_123,h_82,al_c,q_80,usm_0.66_1.00_0.01,blur_2,enc_auto/861126684b6849dcbb78014503487633.jpg]
[mankirat1116be21.wixsite.com/mankirat-s-portfolio.html]
[mankirat1116be21.wixsite.com/decodeURIComponent(e.html]
[mankirat1116be21.wixsite.com/sitemap.html]
[mankirat1116be21.wixsite.com/feed.html]
[mankirat1116be21.wixsite.com/index.html]
[mankirat1116be21.wixsite.com/version/index.html]
[mankirat1116be21.wixsite.com/da6c52cb.min.html]
[mankirat1116be21.wixsite.com/fc40122e.min.html]
[mankirat1116be21.wixsite.com/4da3e2b2.min.html]
[mankirat1116be21.wixsite.com/f52e40aa.min.html]
[mankirat1116be21.wixsite.com/99a6a99f.min.html]
[mankirat1116be21.wixsite.com/13b64bce.chunk.min.html]
[mankirat1116be21.wixsite.com/f7c2caf0.chunk.min.html]
[mankirat1116be21.wixsite.com/rb_wixui.thunderbolt_bootstrap-classic.aca25011.chunk.min.html]
[mankirat1116be21.wixsite.com/rb_wixui.thunderbolt_bootstrap-responsive.f3ca696f.chunk.min.html]
[mankirat1116be21.wixsite.com/rb_wixui.thunderbolt_bootstrap-responsive.f7c2caf0.chunk.min.html]
[mankirat1116be21.wixsite.com/rb_wixui.thunderbolt_bootstrap.30ba8a50.chunk.min.html]
[mankirat1116be21.wixsite.com/rb_wixui.thunderbolt_bootstrap.13b64bce.chunk.min.html]
